--- AI RESPONSE ---
Error: 'charmap' codec can't encode characters in position 0-5: character maps to <undefined>
